
> meu-contador@0.0.0 build:check
> tsc && vite build

src/App.tsx(2,8): error TS6133: 'React' is declared but its value is never read.
src/components/ai/AIAssistantView.tsx(2,1): error TS6133: 'motion' is declared but its value is never read.
src/components/ai/SmartCoach.tsx(141,18): error TS18048: 'activeInsight' is possibly 'undefined'.
src/components/ai/SmartCoach.tsx(236,26): error TS18048: 'activeInsight' is possibly 'undefined'.
src/components/ai/SmartCoach.tsx(240,73): error TS18048: 'activeInsight' is possibly 'undefined'.
src/components/ai/SmartCoach.tsx(244,66): error TS18048: 'activeInsight' is possibly 'undefined'.
src/components/ai/SmartCoach.tsx(246,26): error TS18048: 'activeInsight' is possibly 'undefined'.
src/components/ai/SmartCoach.tsx(250,91): error TS18048: 'activeInsight' is possibly 'undefined'.
src/components/ai/SmartCoach.tsx(252,28): error TS18048: 'activeInsight' is possibly 'undefined'.
src/components/ai/SmartCoach.tsx(255,28): error TS18048: 'activeInsight' is possibly 'undefined'.
src/components/ai/VoiceInput.tsx(52,28): error TS2532: Object is possibly 'undefined'.
src/components/ai/VoiceInput.tsx(52,28): error TS2532: Object is possibly 'undefined'.
src/components/analytics/AnalyticsDashboard.tsx(56,11): error TS2532: Object is possibly 'undefined'.
src/components/analytics/AnalyticsDashboard.tsx(58,11): error TS2532: Object is possibly 'undefined'.
src/components/analytics/AnalyticsDashboard.tsx(95,26): error TS18048: 'previousMonth' is possibly 'undefined'.
src/components/analytics/AnalyticsDashboard.tsx(96,11): error TS18048: 'currentMonth' is possibly 'undefined'.
src/components/analytics/AnalyticsDashboard.tsx(96,33): error TS18048: 'previousMonth' is possibly 'undefined'.
src/components/analytics/AnalyticsDashboard.tsx(96,57): error TS18048: 'previousMonth' is possibly 'undefined'.
src/components/analytics/AnalyticsDashboard.tsx(98,27): error TS18048: 'previousMonth' is possibly 'undefined'.
src/components/analytics/AnalyticsDashboard.tsx(99,11): error TS18048: 'currentMonth' is possibly 'undefined'.
src/components/analytics/AnalyticsDashboard.tsx(99,35): error TS18048: 'previousMonth' is possibly 'undefined'.
src/components/analytics/AnalyticsDashboard.tsx(99,61): error TS18048: 'previousMonth' is possibly 'undefined'.
src/components/banking/BankConnectionsView.tsx(1,8): error TS6133: 'React' is declared but its value is never read.
src/components/banking/BankConnectionsView.tsx(2,26): error TS6133: 'BankConnection' is declared but its value is never read.
src/components/banking/BankConnectionsView.tsx(93,19): error TS6133: 'totalBalance' is declared but its value is never read.
src/components/business/BusinessFinance.tsx(266,71): error TS2322: Type '(amount: number, from: Currency, to: Currency) => number' is not assignable to type '(amount: number, from: string, to: string) => number'.
  Types of parameters 'from' and 'from' are incompatible.
    Type 'string' is not assignable to type 'Currency'.
src/components/business/InvoicesSection.tsx(84,18): error TS2345: Argument of type '{ amount: number; number: string; client: string; status: any; dueDate: string | undefined; }' is not assignable to parameter of type 'Omit<Invoice, "id">'.
  Types of property 'dueDate' are incompatible.
    Type 'string | undefined' is not assignable to type 'string'.
      Type 'undefined' is not assignable to type 'string'.
src/components/business/InvoicesSection.tsx(281,94): error TS2532: Object is possibly 'undefined'.
src/components/charts/AdvancedCombinedChart.tsx(67,17): error TS2532: Object is possibly 'undefined'.
src/components/charts/AdvancedCombinedChart.tsx(67,36): error TS2532: Object is possibly 'undefined'.
src/components/charts/AdvancedCombinedChart.tsx(77,29): error TS2532: Object is possibly 'undefined'.
src/components/charts/AdvancedCombinedChart.tsx(77,48): error TS2532: Object is possibly 'undefined'.
src/components/contador/TransactionForm.tsx(38,65): error TS2345: Argument of type '{ currency: "BRL"; scope: "personal" | "business"; type: "expense"; description: string; amount: string; category: string; date: string | undefined; paymentMethod: string; notes: string; recurring: boolean; classification: "necessity"; }' is not assignable to parameter of type 'TransactionFormData | (() => TransactionFormData)'.
  Type '{ currency: "BRL"; scope: "personal" | "business"; type: "expense"; description: string; amount: string; category: string; date: string | undefined; paymentMethod: string; notes: string; recurring: boolean; classification: "necessity"; }' is not assignable to type 'TransactionFormData'.
    Types of property 'date' are incompatible.
      Type 'string | undefined' is not assignable to type 'string'.
        Type 'undefined' is not assignable to type 'string'.
src/components/contador/TransactionForm.tsx(54,19): error TS2345: Argument of type '{ scope: "personal" | "business"; type: "expense"; description: string; amount: string; category: string; date: string | undefined; paymentMethod: string; notes: string; recurring: boolean; classification: "necessity"; }' is not assignable to parameter of type 'SetStateAction<TransactionFormData>'.
  Type '{ scope: "personal" | "business"; type: "expense"; description: string; amount: string; category: string; date: string | undefined; paymentMethod: string; notes: string; recurring: boolean; classification: "necessity"; }' is not assignable to type 'TransactionFormData'.
    Types of property 'date' are incompatible.
      Type 'string | undefined' is not assignable to type 'string'.
        Type 'undefined' is not assignable to type 'string'.
src/components/contador/TransactionList.tsx(53,21): error TS18048: 'rate' is possibly 'undefined'.
src/components/dashboard/OpenBillsWidget.tsx(44,7): error TS2322: Type 'string | undefined' is not assignable to type 'string'.
  Type 'undefined' is not assignable to type 'string'.
src/components/design/DesignSystemShowcase.tsx(1,8): error TS6133: 'React' is declared but its value is never read.
src/components/education/EducationSection.tsx(1,8): error TS6133: 'React' is declared but its value is never read.
src/components/education/EducationSection.tsx(229,68): error TS2532: Object is possibly 'undefined'.
src/components/FunctionsHub.tsx(14,73): error TS6133: 'onBack' is declared but its value is never read.
src/components/FunctionsHub.tsx(16,9): error TS6133: 'personal' is declared but its value is never read.
src/components/FunctionsHub.tsx(17,9): error TS6133: 'investTotals' is declared but its value is never read.
src/components/FunctionsHub.tsx(33,9): error TS6133: 'handleCardClick' is declared but its value is never read.
src/components/GlobalErrorBoundary.tsx(1,8): error TS6133: 'React' is declared but its value is never read.
src/components/health/FinancialCheckin.tsx(5,28): error TS6133: 'Heart' is declared but its value is never read.
src/components/health/FinancialCheckin.tsx(5,35): error TS6133: 'TrendingUp' is declared but its value is never read.
src/components/health/FinancialCheckin.tsx(5,47): error TS6133: 'AlertTriangle' is declared but its value is never read.
src/components/health/FinancialCheckin.tsx(5,75): error TS6133: 'Calendar' is declared but its value is never read.
src/components/health/HealthSection.tsx(1,20): error TS6133: 'useMemo' is declared but its value is never read.
src/components/health/HealthSection.tsx(6,21): error TS6133: 'AlertCircle' is declared but its value is never read.
src/components/health/HealthSection.tsx(6,34): error TS6133: 'Activity' is declared but its value is never read.
src/components/health/HealthSection.tsx(6,44): error TS6133: 'ShieldAlert' is declared but its value is never read.
src/components/health/HealthSection.tsx(99,216): error TS2345: Argument of type 'number | undefined' is not assignable to parameter of type 'number'.
  Type 'undefined' is not assignable to type 'number'.
src/components/health/HealthSection.tsx(102,54): error TS18048: 'd.sc' is possibly 'undefined'.
src/components/health/HealthSection.tsx(191,44): error TS2345: Argument of type 'number | undefined' is not assignable to parameter of type 'number'.
  Type 'undefined' is not assignable to type 'number'.
src/components/health/HealthSection.tsx(191,84): error TS2345: Argument of type 'number | undefined' is not assignable to parameter of type 'number'.
  Type 'undefined' is not assignable to type 'number'.
src/components/health/HealthSection.tsx(193,34): error TS2345: Argument of type 'number | undefined' is not assignable to parameter of type 'number'.
  Type 'undefined' is not assignable to type 'number'.
src/components/health/HealthSection.tsx(193,47): error TS18048: 'd.sc' is possibly 'undefined'.
src/components/health/HealthSection.tsx(194,168): error TS2345: Argument of type 'number | undefined' is not assignable to parameter of type 'number'.
  Type 'undefined' is not assignable to type 'number'.
src/components/health/HealthSection.tsx(195,38): error TS2345: Argument of type 'number | undefined' is not assignable to parameter of type 'number'.
  Type 'undefined' is not assignable to type 'number'.
src/components/investments/DividendForecast.tsx(112,34): error TS2532: Object is possibly 'undefined'.
src/components/investments/DividendList.tsx(62,7): error TS2322: Type 'string | undefined' is not assignable to type 'string'.
  Type 'undefined' is not assignable to type 'string'.
src/components/investments/DividendList.tsx(227,25): error TS6133: 'date' is declared but its value is never read.
src/components/investments/DividendList.tsx(241,30): error TS2345: Argument of type 'string | undefined' is not assignable to parameter of type 'string'.
  Type 'undefined' is not assignable to type 'string'.
src/components/investments/DividendList.tsx(242,30): error TS2345: Argument of type 'string | undefined' is not assignable to parameter of type 'string'.
  Type 'undefined' is not assignable to type 'string'.
src/components/investments/DividendList.tsx(300,50): error TS2554: Expected 2 arguments, but got 1.
src/components/investments/DividendList.tsx(319,7): error TS6133: 'indicators' is declared but its value is never read.
src/components/investments/InvestDividasView.tsx(1,1): error TS6133: 'React' is declared but its value is never read.
src/components/investments/InvestmentsSection.tsx(15,7): error TS6133: 'fmtCurr' is declared but its value is never read.
src/components/investments/InvestmentsSection.tsx(68,3): error TS2686: 'React' refers to a UMD global, but the current file is a module. Consider adding an import instead.
src/components/investments/InvestmentsSection.tsx(74,9): error TS6133: 'hasError' is declared but its value is never read.
src/components/investments/InvestmentsSection.tsx(358,27): error TS2345: Argument of type '{ name: string; balance: number; interestRate: number; minPayment: number; category: "credit_card" | "loan" | "overdraft" | "other"; dueDate: string | null; }' is not assignable to parameter of type 'Omit<Debt, "id">'.
  Types of property 'dueDate' are incompatible.
    Type 'string | null' is not assignable to type 'string | undefined'.
      Type 'null' is not assignable to type 'string | undefined'.
src/components/investments/MarketDataWidget.tsx(3,22): error TS6133: 'TrendingDown' is declared but its value is never read.
src/components/investments/RealTimeQuotes.tsx(1,8): error TS6133: 'React' is declared but its value is never read.
src/components/investments/TesouroDiretoRates.tsx(1,8): error TS6133: 'React' is declared but its value is never read.
src/components/layout/Sidebar.tsx(9,3): error TS6133: 'Settings' is declared but its value is never read.
src/components/navigation/MobileNavigation.test.tsx(26,23): error TS2345: Argument of type 'HTMLElement | undefined' is not assignable to parameter of type 'Window | Document | Node | Element'.
  Type 'undefined' is not assignable to type 'Window | Document | Node | Element'.
src/components/notifications/NotificationCenter.tsx(9,3): error TS6133: 'TrendingUp' is declared but its value is never read.
src/components/notifications/NotificationCenter.tsx(10,3): error TS6133: 'Target' is declared but its value is never read.
src/components/notifications/NotificationCenter.tsx(11,3): error TS6133: 'DollarSign' is declared but its value is never read.
src/components/notifications/NotificationCenter.tsx(12,3): error TS6133: 'Calendar' is declared but its value is never read.
src/components/notifications/NotificationCenter.tsx(20,20): error TS6133: 'useEffect' is declared but its value is never read.
src/components/notifications/NotificationsView.tsx(110,45): error TS2722: Cannot invoke an object which is possibly 'undefined'.
src/components/onboarding/OnboardingWizard.tsx(101,5): error TS2345: Argument of type 'OnboardingBudget[] | undefined' is not assignable to parameter of type 'OnboardingBudget[] | (() => OnboardingBudget[])'.
  Type 'undefined' is not assignable to type 'OnboardingBudget[] | (() => OnboardingBudget[])'.
src/components/onboarding/OnboardingWizard.tsx(122,7): error TS18048: 'template' is possibly 'undefined'.
src/components/onboarding/OnboardingWizard.tsx(193,13): error TS2532: Object is possibly 'undefined'.
src/components/onboarding/OnboardingWizard.tsx(688,5): error TS2322: Type '{ category?: string | undefined; percentage?: number | undefined; amount?: number | undefined; priority?: "essential" | "important" | "optional" | undefined; enabled?: boolean | undefined; }' is not assignable to type 'OnboardingBudget'.
  Types of property 'category' are incompatible.
    Type 'string | undefined' is not assignable to type 'string'.
      Type 'undefined' is not assignable to type 'string'.
src/components/onboarding/OnboardingWizard.tsx(690,7): error TS2532: Object is possibly 'undefined'.
src/components/onboarding/OnboardingWizard.tsx(800,55): error TS2532: Object is possibly 'undefined'.
src/components/onboarding/OnboardingWizard.tsx(806,5): error TS2322: Type '{ targetAmount: number; name?: string; icon?: string; deadline?: string; priority?: number; enabled?: boolean | undefined; }' is not assignable to type 'OnboardingGoal'.
  Types of property 'enabled' are incompatible.
    Type 'boolean | undefined' is not assignable to type 'boolean'.
      Type 'undefined' is not assignable to type 'boolean'.
src/components/onboarding/OnboardingWizard.tsx(902,17): error TS2532: Object is possibly 'undefined'.
src/components/onboarding/OnboardingWizard.tsx(909,5): error TS2322: Type '{ amount: number; name?: string; dueDay?: number; category?: string; enabled?: boolean | undefined; }' is not assignable to type 'OnboardingReminder'.
  Types of property 'enabled' are incompatible.
    Type 'boolean | undefined' is not assignable to type 'boolean'.
      Type 'undefined' is not assignable to type 'boolean'.
src/components/onboarding/OnboardingWizard.tsx(1372,16): error TS2304: Cannot find name 'OnboardingInvestment'.
src/components/onboarding/OnboardingWizard.tsx(1373,23): error TS2304: Cannot find name 'OnboardingInvestment'.
src/components/onboarding/OnboardingWizard.tsx(1384,18): error TS2304: Cannot find name 'OnboardingInvestment'.
src/components/personal/DebtRecovery.tsx(313,24): error TS2532: Object is possibly 'undefined'.
src/components/personal/GlobalAlerts.tsx(30,9): error TS6133: 'getVariant' is declared but its value is never read.
src/components/personal/GoalsSection.tsx(96,7): error TS2322: Type 'string | undefined' is not assignable to type 'string'.
  Type 'undefined' is not assignable to type 'string'.
src/components/personal/GoalsSection.tsx(368,37): error TS2769: No overload matches this call.
  Overload 1 of 4, '(value: string | number | Date): Date', gave the following error.
    Argument of type 'string | undefined' is not assignable to parameter of type 'string | number | Date'.
      Type 'undefined' is not assignable to type 'string | number | Date'.
  Overload 2 of 4, '(value: string | number): Date', gave the following error.
    Argument of type 'string | undefined' is not assignable to parameter of type 'string | number'.
      Type 'undefined' is not assignable to type 'string | number'.
src/components/personal/RemindersSection.tsx(142,7): error TS2322: Type 'string | undefined' is not assignable to type 'string'.
  Type 'undefined' is not assignable to type 'string'.
src/components/receipts/ReceiptScanner.tsx(106,7): error TS2322: Type 'string | undefined' is not assignable to type 'string'.
  Type 'undefined' is not assignable to type 'string'.
node.exe : npm error Lifecycle script `build:check` failed with error:
No linha:1 caractere:1
+ & "C:\Program Files\nodejs/node.exe" "C:\Program Files\nodejs/node_mo ...
+ ~~~~~~~~~~~~~~~~~~~~~~~~~~~~~~~~~~~~~~~~~~~~~~~~~~~~~~~~~~~~~~~~~~~~~
    + CategoryInfo          : NotSpecified: (npm error Lifec...led with error::String) [], RemoteException
    + FullyQualifiedErrorId : NativeCommandError
 
npm error code 2
npm error path D:\meu-contador\frontend
npm error workspace meu-contador@0.0.0
npm error location D:\meu-contador\frontend
npm error command failed
npm error command C:\WINDOWS\system32\cmd.exe /d /s /c tsc && vite build
