src/components/onboarding/steps/AutomationStep.tsx(178,35): error TS7006: Parameter 'prev' implicitly has an 'any' type.
src/components/onboarding/steps/DebtsStep.tsx(1,1): error TS6133: 'useOnboarding' is declared but its value is never read.
src/components/onboarding/steps/DebtsStep.tsx(3,1): error TS6133: 'OnboardingDebt' is declared but its value is never read.
src/components/onboarding/steps/DebtsStep.tsx(5,86): error TS2304: Cannot find name 'DebtsStepProps'.
src/components/onboarding/steps/DebtsStep.tsx(17,31): error TS7006: Parameter 'debt' implicitly has an 'any' type.
src/components/onboarding/steps/DebtsStep.tsx(17,37): error TS7006: Parameter 'i' implicitly has an 'any' type.
src/components/onboarding/steps/DebtsStep.tsx(23,51): error TS7006: Parameter 'prev' implicitly has an 'any' type.
src/components/onboarding/steps/DebtsStep.tsx(23,72): error TS7006: Parameter '_' implicitly has an 'any' type.
src/components/onboarding/steps/DebtsStep.tsx(23,75): error TS7006: Parameter 'idx' implicitly has an 'any' type.
src/components/onboarding/steps/DebtsStep.tsx(96,47): error TS7006: Parameter 'prev' implicitly has an 'any' type.
src/components/onboarding/steps/ExpensesStep.tsx(1,1): error TS6133: 'useOnboarding' is declared but its value is never read.
src/components/onboarding/steps/ExpensesStep.tsx(5,15): error TS6196: 'ExpenseField' is declared but never used.
src/components/onboarding/steps/ExpensesStep.tsx(5,41): error TS6196: 'OnboardingProfile' is declared but never used.
src/components/onboarding/steps/ExpensesStep.tsx(6,1): error TS6133: 'UserProfile' is declared but its value is never read.
src/components/onboarding/steps/ExpensesStep.tsx(8,53): error TS2304: Cannot find name 'ExpensesStepProps'.
src/components/onboarding/steps/FireGoalStep.tsx(1,1): error TS6133: 'useOnboarding' is declared but its value is never read.
src/components/onboarding/steps/FireGoalStep.tsx(6,1): error TS6192: All imports in import declaration are unused.
src/components/onboarding/steps/FireGoalStep.tsx(7,1): error TS6133: 'UserProfile' is declared but its value is never read.
src/components/onboarding/steps/FireGoalStep.tsx(9,71): error TS2304: Cannot find name 'FireGoalStepProps'.
src/components/onboarding/steps/GoalsStep.tsx(1,1): error TS6133: 'useOnboarding' is declared but its value is never read.
src/components/onboarding/steps/GoalsStep.tsx(3,1): error TS6133: 'OnboardingGoal' is declared but its value is never read.
src/components/onboarding/steps/GoalsStep.tsx(5,48): error TS2304: Cannot find name 'GoalsStepProps'.
src/components/onboarding/steps/GoalsStep.tsx(13,21): error TS7006: Parameter 'g' implicitly has an 'any' type.
src/components/onboarding/steps/GoalsStep.tsx(13,24): error TS7006: Parameter 'i' implicitly has an 'any' type.
src/components/onboarding/steps/InvestmentsStep.tsx(1,1): error TS6133: 'useOnboarding' is declared but its value is never read.
src/components/onboarding/steps/InvestmentsStep.tsx(6,1): error TS6192: All imports in import declaration are unused.
src/components/onboarding/steps/InvestmentsStep.tsx(7,15): error TS6196: 'UserProfile' is declared but never used.
src/components/onboarding/steps/InvestmentsStep.tsx(9,85): error TS2304: Cannot find name 'InvestmentsStepProps'.
src/components/onboarding/steps/InvestmentsStep.tsx(62,35): error TS7006: Parameter 'sum' implicitly has an 'any' type.
src/components/onboarding/steps/InvestmentsStep.tsx(62,40): error TS7006: Parameter 'investment' implicitly has an 'any' type.
src/components/onboarding/steps/InvestmentsStep.tsx(70,27): error TS7006: Parameter 'investment' implicitly has an 'any' type.
src/components/onboarding/steps/InvestmentsStep.tsx(70,39): error TS7006: Parameter 'index' implicitly has an 'any' type.
src/components/onboarding/steps/InvestmentsStep.tsx(76,48): error TS7006: Parameter 'prev' implicitly has an 'any' type.
src/components/onboarding/steps/InvestmentsStep.tsx(76,70): error TS7006: Parameter 'item' implicitly has an 'any' type.
src/components/onboarding/steps/InvestmentsStep.tsx(87,50): error TS7006: Parameter 'prev' implicitly has an 'any' type.
src/components/onboarding/steps/InvestmentsStep.tsx(87,69): error TS7006: Parameter 'item' implicitly has an 'any' type.
src/components/onboarding/steps/InvestmentsStep.tsx(92,50): error TS7006: Parameter 'prev' implicitly has an 'any' type.
src/components/onboarding/steps/InvestmentsStep.tsx(92,69): error TS7006: Parameter 'item' implicitly has an 'any' type.
src/components/onboarding/steps/InvestmentsStep.tsx(105,50): error TS7006: Parameter 'prev' implicitly has an 'any' type.
src/components/onboarding/steps/InvestmentsStep.tsx(105,69): error TS7006: Parameter 'item' implicitly has an 'any' type.
src/components/onboarding/steps/InvestmentsStep.tsx(113,50): error TS7006: Parameter 'prev' implicitly has an 'any' type.
src/components/onboarding/steps/InvestmentsStep.tsx(113,69): error TS7006: Parameter 'item' implicitly has an 'any' type.
src/components/onboarding/steps/InvestmentsStep.tsx(123,44): error TS7006: Parameter 'prev' implicitly has an 'any' type.
src/components/onboarding/steps/StrategyStep.tsx(1,1): error TS6133: 'useOnboarding' is declared but its value is never read.
src/components/onboarding/steps/StrategyStep.tsx(5,1): error TS6133: 'OnboardingProfile' is declared but its value is never read.
src/components/onboarding/steps/StrategyStep.tsx(6,1): error TS6133: 'useStrategyRules' is declared but its value is never read.
src/components/onboarding/steps/StrategyStep.tsx(8,58): error TS2304: Cannot find name 'StrategyStepProps'.
src/components/onboarding/steps/StrategyStep.tsx(41,28): error TS7006: Parameter 'entry' implicitly has an 'any' type.
src/components/onboarding/steps/StrategyStep.tsx(41,35): error TS7006: Parameter 'index' implicitly has an 'any' type.
src/components/onboarding/steps/SummaryStep.tsx(7,1): error TS6133: 'useStrategyRules' is declared but its value is never read.
