src/components/investments/InvestmentsSection.tsx(204,29): error TS2345: Argument of type '{ name: string; balance: number; interestRate: number; minPayment: number; category: string; }' is not assignable to parameter of type 'Omit<Debt, "id">'.
  Types of property 'category' are incompatible.
    Type 'string' is not assignable to type '"credit_card" | "loan" | "overdraft" | "other"'.
