
> meu-contador@0.0.0 build
> tsc && vite build

[36mvite v5.4.21 [32mbuilding for production...[36m[39m
transforming...
[32mÔ£ô[39m 3 modules transformed.
node.exe : [31mx[39m 
Build failed in 1.27s
No linha:1 caractere:1
+ & "C:\Program 
Files\nodejs/node.exe" 
"C:\Program 
Files\nodejs/node_mo ...
+ ~~~~~~~~~~~~~~~~~~~~~~
~~~~~~~~~~~~~~~~~~~~~~~~
~~~~~~~~~~~~~~~~~~~~~~~
    + CategoryInfo      
        : NotSpecified  
  : ([31mx[39m Buil   
 d failed in 1.27s:S    
tring) [], RemoteEx    
ception
    + FullyQualifiedErr 
   orId : NativeComman  
  dError
 
[31merror during build:
[31m[vite-plugin-pwa:bu
ild] [plugin 
vite-plugin-pwa:build] 
src/index.css (7:0): 
There was an error 
during the build:
  [postcss] D:/meu-conta
dor/src/index.css:7:1: 
Unclosed block
Additionally, handling 
the error in the 
'buildEnd' hook caused 
the following error:
  [postcss] D:/meu-conta
dor/src/index.css:7:1: 
Unclosed block[31m
file: [36mD:/meu-contad
or/src/index.css:7:0[31
m
    at getRollupError (f
ile:///D:/meu-contador/n
ode_modules/rollup/dist/
es/shared/parseAst.js:40
1:41)
    at file:///D:/meu-co
ntador/node_modules/roll
up/dist/es/shared/node-e
ntry.js:23467:39
    at async catchUnfini
shedHookActions (file://
/D:/meu-contador/node_mo
dules/rollup/dist/es/sha
red/node-entry.js:22925:
16)
    at async 
rollupInternal (file:///
D:/meu-contador/node_mod
ules/rollup/dist/es/shar
ed/node-entry.js:23450:5
)
    at async build (file
:///D:/meu-contador/node
_modules/vite/dist/node/
chunks/dep-BK3b2jBa.js:6
5709:14)
    at async 
CAC.<anonymous> (file://
/D:/meu-contador/node_mo
dules/vite/dist/node/cli
.js:829:5)[39m
