
> meu-contador@0.0.0 build
> tsc && vite build

[36mvite v5.4.21 [32mbuilding for production...[36m[39m
transforming...
[32mÔ£ô[39m 3436 modules transformed.
node.exe : 
[31mx[39m Build 
failed in 43.17s
No linha:1 
caractere:1
+ & "C:\Program Fil
es\nodejs/node.exe"
 "C:\Program Files\
nodejs/node_mo ...
+ ~~~~~~~~~~~~~~~~~
~~~~~~~~~~~~~~~~~~~
~~~~~~~~~~~~~~~~~~~
~~~~~~~~~~~~~~
    + CategoryInfo 
             : No  
  tSpecified: (   
 [31mx[39m Bui    
ld failed in 4    
3.17s:String)     
[], RemoteExce    
ption
    + FullyQualifi 
   edErrorId : Na  
  tiveCommandErr   
 or
 
[31merror during 
build:
[31m[vite-plugin-p
wa:build] There 
was an error 
during the build:
  src/components/pe
rsonal/PersonalFina
nce.tsx (32:9): "ex
portFullMonthlyRepo
rt" is not 
exported by "src/li
b/pdf-export.ts", 
imported by "src/co
mponents/personal/P
ersonalFinance.tsx"
.
Additionally, 
handling the error 
in the 'buildEnd' 
hook caused the 
following error:
  src/components/pe
rsonal/PersonalFina
nce.tsx (32:9): "ex
portFullMonthlyRepo
rt" is not 
exported by "src/li
b/pdf-export.ts", 
imported by "src/co
mponents/personal/P
ersonalFinance.tsx"
.[31m
file: [36mD:/meu-c
ontador/src/compone
nts/personal/Person
alFinance.tsx:32:9
[31m
[33m
30: import { 
RemindersSection } 
from "@/components/
personal/RemindersS
ection";
31: import { 
useAuth } from "@/c
ontext/AuthContext"
;
32: import { export
FullMonthlyReport 
} from 
"@/lib/pdf-export";
             ^
33: import { export
Transactions, 
importTransactions 
} from 
"@/lib/storage";
34: import { 
FileText } from 
"lucide-react";
[31m
    at 
getRollupError (fil
e:///D:/meu-contado
r/node_modules/roll
up/dist/es/shared/p
arseAst.js:401:41)
    at file:///D:/m
eu-contador/node_mo
dules/rollup/dist/e
s/shared/node-entry
.js:23467:39
    at async catchU
nfinishedHookAction
s (file:///D:/meu-c
ontador/node_module
s/rollup/dist/es/sh
ared/node-entry.js:
22925:16)
    at async 
rollupInternal (fil
e:///D:/meu-contado
r/node_modules/roll
up/dist/es/shared/n
ode-entry.js:23450:
5)
    at async build 
(file:///D:/meu-con
tador/node_modules/
vite/dist/node/chun
ks/dep-BK3b2jBa.js:
65709:14)
    at async 
CAC.<anonymous> (fi
le:///D:/meu-contad
or/node_modules/vit
e/dist/node/cli.js:
829:5)[39m
